<html>
<body>
<pre>
<h1>µVision Build Log</h1>
<h2>Tool Versions:</h2>
IDE-Version: µVision V5.33.0.0
Copyright (C) 2020 ARM Ltd and ARM Germany GmbH. All rights reserved.
License Information: amninder singh, HP Inc., LIC=----
 
Tool Versions:
Toolchain:       MDK-Lite  Version: 5.33.0.0
Toolchain Path:  D:\Keil_v5\ARM\ARMCLANG\Bin
C Compiler:      ArmClang.exe V6.15
Assembler:       Armasm.exe V6.15
Linker/Locator:  ArmLink.exe V6.15
Library Manager: ArmAr.exe V6.15
Hex Converter:   FromElf.exe V6.15
CPU DLL:         SARMCM3.DLL V5.33.0.0
Dialog DLL:      DCM.DLL V1.17.3.0
Target DLL:      STLink\ST-LINKIII-KEIL_SWO.dll V3.0.8.0
Dialog DLL:      TCM.DLL V1.48.0.0
 
<h2>Project:</h2>
C:\Users\amnin\OneDrive\Documents\4_digit_7seg\4Digit_7Seg.uvprojx
Project File Date:  03/09/2021

<h2>Output:</h2>
*** Using Compiler 'V6.15', folder: 'D:\Keil_v5\ARM\ARMCLANG\Bin'
Build target 'Target 1'
main.c(1): warning: In file included from...
./main.h(42): warning: no newline at end of file [-Wnewline-eof]
void Clear (void);
                  ^
main.c(23): warning: signed shift result (0x80000000) sets the sign bit of the shift expression's type ('int') and becomes negative [-Wshift-sign-overflow]
        Sel2_Port->BSRR = Sel2_Pin << 16 ;
                          ~~~~~~~~ ^  ~~
main.c(23): warning: implicit conversion changes signedness: 'int' to 'uint32_t' (aka 'unsigned int') [-Wsign-conversion]
        Sel2_Port->BSRR = Sel2_Pin << 16 ;
                        ~ ~~~~~~~~~^~~~~
main.c(24): warning: signed shift result (0x80000000) sets the sign bit of the shift expression's type ('int') and becomes negative [-Wshift-sign-overflow]
        Sel3_Port->BSRR = Sel3_Pin << 16 ;
                          ~~~~~~~~ ^  ~~
main.c(24): warning: implicit conversion changes signedness: 'int' to 'uint32_t' (aka 'unsigned int') [-Wsign-conversion]
        Sel3_Port->BSRR = Sel3_Pin << 16 ;
                        ~ ~~~~~~~~~^~~~~
main.c(48): warning: signed shift result (0x80000000) sets the sign bit of the shift expression's type ('int') and becomes negative [-Wshift-sign-overflow]
                                                        Sel2_Port->BSRR = Sel2_Pin << 16 ;
                                                                          ~~~~~~~~ ^  ~~
main.c(48): warning: implicit conversion changes signedness: 'int' to 'uint32_t' (aka 'unsigned int') [-Wsign-conversion]
                                                        Sel2_Port->BSRR = Sel2_Pin << 16 ;
                                                                        ~ ~~~~~~~~~^~~~~
main.c(53): warning: signed shift result (0x80000000) sets the sign bit of the shift expression's type ('int') and becomes negative [-Wshift-sign-overflow]
                                                        Sel3_Port->BSRR = Sel3_Pin << 16 ;
                                                                          ~~~~~~~~ ^  ~~
main.c(53): warning: implicit conversion changes signedness: 'int' to 'uint32_t' (aka 'unsigned int') [-Wsign-conversion]
                                                        Sel3_Port->BSRR = Sel3_Pin << 16 ;
                                                                        ~ ~~~~~~~~~^~~~~
main.c(82): warning: implicit conversion changes signedness: 'int' to 'unsigned int' [-Wsign-conversion]
        GPIOC->MODER &= ~0x0000F000;
                     ~~ ^~~~~~~~~~~
main.c(84): warning: implicit conversion changes signedness: 'int' to 'unsigned int' [-Wsign-conversion]
        GPIOG->MODER &= ~0x0000F000;
                     ~~ ^~~~~~~~~~~
main.c(86): warning: implicit conversion changes signedness: 'int' to 'unsigned int' [-Wsign-conversion]
        GPIOH->MODER &= ~0x00003000;
                     ~~ ^~~~~~~~~~~
main.c(88): warning: implicit conversion changes signedness: 'int' to 'unsigned int' [-Wsign-conversion]
        GPIOI->MODER &= ~0x000000F0;
                     ~~ ^~~~~~~~~~~
13 warnings generated.
compiling main.c...
linking...
Program Size: Code=1388 RO-data=472 RW-data=0 ZI-data=1632  
".\Objects\4Digit_7Seg.axf" - 0 Error(s), 13 Warning(s).

<h2>Software Packages used:</h2>

Package Vendor: ARM
                http://www.keil.com/pack/ARM.CMSIS.5.7.0.pack
                ARM.CMSIS.5.7.0
                CMSIS (Cortex Microcontroller Software Interface Standard)
   * Component: CORE Version: 5.4.0

Package Vendor: Keil
                http://www.keil.com/pack/Keil.STM32F7xx_DFP.2.14.0.pack
                Keil.STM32F7xx_DFP.2.14.0
                STMicroelectronics STM32F7 Series Device Support, Drivers and Examples
   * Component: Startup Version: 1.2.5

<h2>Collection of Component include folders:</h2>
  .\RTE\_Target_1
  C:\Users\amnin\AppData\Local\Arm\Packs\ARM\CMSIS\5.7.0\CMSIS\Core\Include
  C:\Users\amnin\AppData\Local\Arm\Packs\Keil\STM32F7xx_DFP\2.14.0\Drivers\CMSIS\Device\ST\STM32F7xx\Include

<h2>Collection of Component Files used:</h2>

   * Component: ARM::CMSIS:CORE:5.4.0

   * Component: Keil::Device:Startup:1.2.5
      Source file:   Drivers\CMSIS\Device\ST\STM32F7xx\Source\Templates\system_stm32f7xx.c
      Source file:   Drivers\CMSIS\Device\ST\STM32F7xx\Source\Templates\arm\startup_stm32f746xx.s
      Source file:   MDK\Device\Source\ARM\STM32F74x_75x_OPT.s
      Include file:  Drivers\CMSIS\Device\ST\STM32F7xx\Include\stm32f7xx.h
      Source file:   MDK\Device\Source\ARM\STM32F74x_75x_OTP.s
Build Time Elapsed:  00:00:00
</pre>
</body>
</html>
